INFO:root:i am going to start my program
INFO:root:i am going to start my program
